// Jest Snapshot v1, https://goo.gl/fbAQLP

exports[`render label correctly 1`] = `
.c0 {
  font-size: 3.2rem;
  color: pink;
}

<div>
  <p
    class="c0"
  >
    react-testing-library
  </p>
</div>
`;
